vite v7.3.0 building client environment for production...
transforming...
/*! 🌼 daisyUI 5.5.14 */
Found 1 warning while optimizing generated CSS:

[2m│ }[22m
[2m│ @layer base {[22m
[2m│[22m   @property --radialprogress {
[2m┆[22m            [33m[2m^--[22m Unknown at rule: @property[39m
[2m┆[22m
[2m│     syntax: "<percentage>";[22m
[2m│     inherits: true;[22m

✓ 2890 modules transformed.
rendering chunks...
computing gzip size...
dist/index.html                          0.72 kB │ gzip:  0.39 kB
dist/assets/index-Dp7pbhlg.css          78.65 kB │ gzip: 12.86 kB
dist/assets/CustomButton-DJgK47jM.js     0.95 kB │ gzip:  0.45 kB
dist/assets/about-Bbv9Rfxf.js            1.98 kB │ gzip:  0.98 kB
dist/assets/TeamSection-CkcEKirF.js      2.05 kB │ gzip:  0.88 kB
dist/assets/PageHero-BO3pqqev.js         2.53 kB │ gzip:  1.00 kB
dist/assets/siteData-GAdmcLhO.js         6.07 kB │ gzip:  2.48 kB
dist/assets/SectionHeader-BRkq0A5r.js    6.47 kB │ gzip:  2.90 kB
dist/assets/contact-BmIwkizo.js          9.72 kB │ gzip:  3.50 kB
dist/assets/index-DvvAtU6f.js           12.67 kB │ gzip:  4.48 kB
dist/assets/websites-BpVHYXTB.js        24.70 kB │ gzip:  9.08 kB
dist/assets/ScrollButton-BNXwm6zp.js   120.48 kB │ gzip: 40.30 kB
dist/assets/index-C2tb7V4f.js          283.38 kB │ gzip: 90.25 kB
✓ built in 2.79s
